{"directory":"templates","templateKey":"template","default":"default.html","pattern":null,"filters":["foo"],"debug":true,"env":{"dev":false,"autoescape":true,"throwOnUndefined":false,"trimBlocks":false,"lstripBlocks":false}}