{"directory":"templates","templateKey":"template","default":"default.html","pattern":"**/*.html","filters":{},"debug":true}