{"directory":"templates","templateKey":"template","default":"default.html","pattern":"*.html","filters":[],"debug":true,"env":{"dev":false,"autoescape":true,"throwOnUndefined":false,"trimBlocks":false,"lstripBlocks":false}}