{"directory":"templates","templateKey":"layout","default":"default.html","pattern":null,"filters":[],"debug":true}