{"directory":"templates","templateKey":"template","default":"main.tpl","pattern":"**/*.html","filters":{},"debug":true}