{"directory":"layouts","templateKey":"template","default":"default.html","pattern":null,"filters":[],"debug":true,"env":{"dev":false,"autoescape":true,"throwOnUndefined":false,"trimBlocks":false,"lstripBlocks":false}}